# first line
# second line

a = fail
b = fail
c = fail


# new block

a = cascade
b = cascade
c = cascade
